=== SukiSU-Ultra exec-fd-injection build start 2026年 10月 02日 星期五 12:28:29 CST ===
make[1]: 进入目录“/mnt/note9pro-build/05-sukisu-ultra/android_kernel_xiaomi_gauguin/out”
  GEN     ./Makefile
  Using .. as source for kernel
  CALL    ../scripts/checksyscalls.sh
  CHK     include/generated/compile.h
  CHK     kernel/kheaders_data.tar.xz
  DTC     arch/arm64/boot/dts/vendor/qcom/lagoon.dtb
  DTC     arch/arm64/boot/dts/vendor/qcom/gauguin-sm6350-overlay.dtbo
  DTBOIMG arch/arm64/boot/dtbo.img
-- SukiSU-Ultra version: 40940 [v4.2.0-19b63c81@lineage-23.2]
-- KERNEL_VERSION: 4.19
-- KERNEL_TYPE: Non-GKI
-- SukiSU-Ultra: using SUSFS_INLINE_HOOK
-- KPM is enabled
-- SukiSU-Ultra/compat: modern static_key_interface found

-- SUSFS_VERSION: v2.3.0
  CC      drivers/kernelsu/ksu.o
  AR      drivers/kernelsu/built-in.a
  AR      drivers/built-in.a
  GEN     .version
  CHK     include/generated/compile.h
  UPD     include/generated/compile.h
  CC      init/version.o
  AR      init/built-in.a
  AR      built-in.a
  MODPOST vmlinux.o
  KSYM    .tmp_kallsyms1.o
  KSYM    .tmp_kallsyms2.o
  LD      vmlinux
  SORTEX  vmlinux
  SYSMAP  System.map
  OBJCOPY arch/arm64/boot/Image
  Building modules, stage 2.
  MODPOST 0 modules
make[1]: 离开目录“/mnt/note9pro-build/05-sukisu-ultra/android_kernel_xiaomi_gauguin/out”
=== build end rc=0 2026年 10月 02日 星期五 12:28:48 CST ===
